
 RUN  v4.1.7 C:/Users/apple/Desktop/BONJOURSRC/BonNextMinecraftLauncher-Rust-main


 Test Files  11 passed (11)
      Tests  87 passed (87)
   Start at  10:29:44
   Duration  13.32s (transform 2.10s, setup 2.49s, import 2.57s, tests 128ms, environment 25.42s)

